         w __deregister_frame_info
         w __register_frame_info
         w userAppExit
         w userAppInit
00000000 00000802 B __ctru_dev_utf16_buf
00000000 A __sync_synchronize
00000000 b _TLS_MODULE_BASE_
00000000 a shift
00000000 a shift
00000804 00000401 B __ctru_dev_path_buf
00100000 A __start__
00100000 T _start
00100008 T __service_ptr
0010000c T __apt_appid
00100010 T __heap_size
00100014 T __linear_heap_size
00100018 T __system_arglist
0010001c T __system_runflags
00100020 t startup
00100058 t ClearMem
0010006c t ClrLoop
00100094 T _init
001000ac t .udivsi3_skip_div0_test
001000ac T __aeabi_uidiv
001000ac 000001ec T __udivsi3
00100298 00000020 T __aeabi_uidivmod
001002b8 T __aeabi_idiv
001002b8 00000220 T __divsi3
001002c0 t .divsi3_skip_div0_test
001004d8 00000020 T __aeabi_idivmod
001004f8 00000004 W __aeabi_idiv0
001004f8 00000004 W __aeabi_ldiv0
001004fc T __aeabi_drsub
00100504 000002b0 T __aeabi_dsub
00100504 000002b0 T __subdf3
00100508 000002ac T __adddf3
00100508 000002ac T __aeabi_dadd
001007b4 00000024 T __aeabi_ui2d
001007b4 00000024 T __floatunsidf
001007d8 00000028 T __aeabi_i2d
001007d8 00000028 T __floatsidf
00100800 00000048 T __aeabi_f2d
00100800 00000048 T __extendsfdf2
00100848 00000074 T __aeabi_ul2d
00100848 00000074 T __floatundidf
0010085c 00000060 T __aeabi_l2d
0010085c 00000060 T __floatdidf
001008bc T __aeabi_ldivmod
00100990 T __aeabi_uldivmod
001009e8 00000390 T strcmp
00100d70 t __do_global_dtors_aux
00100dc0 t frame_dummy
00100dec 00000058 T assetsInit
00100e44 0000002c T assetsExit
00100e70 0000002c T assetsImage
00100e9c 00000188 T assetsForObject
00101024 0000005c T assetsBabaFrame
00101080 0000006c t setupChannel
001010ec 00000094 t startMusic
00101180 000000f0 t loadRaw.isra.0
00101270 0000008c T audioInit
001012fc 000000c0 T audioShutdown
001013bc 0000007c T audioPlayMove
00101438 0000007c T audioPlayWin
001014b4 00000038 T audioToggleMusic
001014ec 00000010 T audioMusicEnabled
001014fc 00000010 T audioAvailable
0010150c 00000218 t canMoveTo
00101724 0000001c T gameObjectName
00101740 00000030 T gameInit
00101770 0000002c T gameHasProperty
0010179c 0000020c T gameUpdateRules
001019a8 00000168 T gameLoadLevel
00101b10 0000000c T gameReloadLevel
00101b1c 000000c4 T gameUndo
00101be0 0000008c T gameAllYouIdle
00101c6c 00000310 T gameTryMove
00101f7c 00000080 T gameUpdateAnimation
00101ffc 0000016c T gameCheckWinAndAdvance
00102168 000001f0 t renderFrame.constprop.0
00102358 0000008c t fatalLoop
001023e4 000000f0 t bootFrame
001024d4 000005c0 T main
00102a94 0000011c t cameraTarget
00102bb0 000003c4 t drawPassSortedByY
00102f74 00000024 T rendererResetCamera
00102f98 00000064 T rendererUpdateCamera
00102ffc 00000028 T rendererGetCamera
00103024 00000094 T rendererDrawTop
001030b8 0000014c t drawGlyph
00103204 000000c8 t outline
001032cc 000000e4 t drawTextCentered.part.0
001033b0 00000008 T uiInit
001033b8 00000004 T uiExit
001033bc 000004ac T uiDrawMap
00103868 00000058 T uiPauseButtonAt
001038c0 00000124 T uiDrawPauseMenu
001039e4 00000290 T uiDrawRules
00103c74 00000544 T uiDrawDebug
001041b8 000000a4 T uiDrawResetConfirm
0010425c 0000009c T uiDrawComplete
001042f8 000000d4 T uiDrawBoot
001043cc 00000108 T uiDrawFatal
001044d4 00000044 t C2Di_FrameEndHook
00104518 00000368 T C2D_Init
00104880 0000004c T C2D_Fini
001048cc 000000bc T C2D_Prepare
00104988 00000048 T C2D_Flush
001049d0 000000fc T C2D_SceneSize
00104acc 00000060 T C2D_CreateScreenTarget
00104b2c 00000060 T C2D_TargetClear
00104b8c 0000014c T C2Di_CalcQuad
00104cd8 00000054 T C2Di_AppendQuad
00104d2c 00000738 T C2Di_Update
00105464 000002e8 T C2D_DrawImage
0010574c 000001e0 T C2D_DrawLine
0010592c 00000168 T C2D_DrawRectangle
00105a94 00000068 T C2D_SpriteSheetLoadFromHandle
00105afc 00000048 T C2D_SpriteSheetLoad
00105b44 00000028 T C2D_SpriteSheetFree
00105b6c 00000008 T C2D_SpriteSheetCount
00105b74 00000028 T C2D_SpriteSheetGetImage
00105b9c 00000028 T AttrInfo_Init
00105bc4 00000094 T AttrInfo_AddLoader
00105c58 00000054 T C3D_SetAttrInfo
00105cac 00000080 T C3Di_AttrInfoBind
00105d2c 00000004 W C3Di_LightEnvUpdate
00105d30 00000004 W C3Di_LightEnvDirty
00105d34 000000b4 t C3Di_AptEventHook
00105de8 00000004 W C3Di_GasUpdate
00105dec 000001d0 T C3D_Init
00105fbc 00000098 T C3D_SetViewport
00106054 000004e8 T C3Di_UpdateContext
0010653c 000000e0 T C3Di_SplitFrame
0010661c 00000044 T C3D_Fini
00106660 00000194 T C3D_BindProgram
001067f4 00000024 T BufInfo_Init
00106818 00000080 T BufInfo_Add
00106898 0000003c T C3D_SetBufInfo
001068d4 00000048 T C3Di_BufInfoBind
0010691c 0000021c T C3D_DrawElements
00106b38 00000040 T C3D_DepthMap
00106b78 0000001c T C3D_CullFace
00106b94 00000040 T C3D_StencilTest
00106bd4 00000024 T C3D_StencilOp
00106bf8 0000001c T C3D_BlendingColor
00106c14 00000024 T C3D_EarlyDepthTest
00106c38 0000002c T C3D_DepthTest
00106c64 0000002c T C3D_AlphaTest
00106c90 00000050 T C3D_AlphaBlend
00106ce0 00000030 T C3D_FragOpMode
00106d10 00000044 T C3D_FragOpShadow
00106d54 000001ac T C3Di_EffectBind
00106f00 0000001c T C3D_CalcColorBufSize
00106f1c 0000001c T C3D_CalcDepthBufSize
00106f38 00000044 T C3D_SetFrameBuf
00106f7c 0000016c T C3Di_FrameBufBind
001070e8 000000c8 T C3D_FrameBufClear
001071b0 00000044 T C3D_FrameBufTransfer
001071f4 000000a8 T C3D_ImmSendAttrib
0010729c 00000070 T C3D_ProcTexInit
0010730c 00000054 T C3D_ProcTexBind
00107360 0000005c T C3D_ProcTexLutBind
001073bc 000000a4 T ProcTexLut_FromArray
00107460 00000178 T C3Di_ProcTexUpdate
001075d8 00000068 T C3Di_ProcTexDirty
00107640 0000004c t onVBlank0
0010768c 0000004c t onVBlank1
001076d8 00000080 t C3Di_RenderTargetDestroy
00107758 000000f4 t onQueueFinish
0010784c 00000038 T C3Di_RenderQueueEnableVBlank
00107884 00000030 T C3Di_RenderQueueDisableVBlank
001078b4 00000060 T C3Di_RenderQueueInit
00107914 000000b4 T C3Di_RenderQueueExit
001079c8 00000034 T C3Di_RenderQueueWaitDone
001079fc 000000e8 T C3D_FrameBegin
00107ae4 00000048 T C3D_FrameDrawOn
00107b2c 00000058 T C3D_FrameSplit
00107b84 000001d0 T C3D_FrameEnd
00107d54 0000001c T C3D_FrameEndHook
00107d70 00000170 T C3D_RenderTargetCreate
00107ee0 000000a8 T C3D_RenderTargetSetOutput
00107f88 000000fc T C3D_SyncTextureCopy
00108084 000003d8 t Tex3DSi_ImportCommon
0010845c 00000038 T Tex3DS_TextureImportStdio
00108494 00000008 T Tex3DS_GetNumSubTextures
0010849c 0000001c T Tex3DS_GetSubTexture
001084b8 00000004 T Tex3DS_TextureFree
001084bc 00000034 T C3D_GetTexEnv
001084f0 00000024 T C3Di_TexEnvBind
00108514 00000290 T C3D_TexInitWithParams
001087a4 000000c8 T C3D_TexLoadImage
0010886c 00000044 T C3D_TexBind
001088b0 00000074 T C3D_TexDelete
00108924 0000014c T C3Di_SetTex
00108a70 00000290 T C3D_UpdateUniforms
00108d00 000000c0 T C3Di_DirtyUniforms
00108dc0 000000d8 T C3Di_LoadShaderUniforms
00108e98 00000028 T C3Di_ClearShaderUniforms
00108ec0 000000cc T Mtx_Ortho
00108f8c 000000cc T Mtx_OrthoTilt
00109058 00000024 t addrMapNodeComparator(rbtree_node const*, rbtree_node const*)
0010907c 00000004 t addrMapNodeDestructor(rbtree_node*)
00109080 0000012c T linearMemAlign
001091ac 00000008 T linearAlloc
001091b4 0000005c T linearFree
00109210 00000088 T MemPool::CoalesceRight(MemBlock*)
00109298 00000178 T MemPool::Allocate(MemChunk&, unsigned long, int)
00109410 00000118 T MemPool::Deallocate(MemChunk const&)
00109528 00000030 T MemPool::GetFreeSpace()
00109558 00000024 t addrMapNodeComparator(rbtree_node const*, rbtree_node const*)
0010957c 00000004 t addrMapNodeDestructor(rbtree_node*)
00109580 00000248 T vramMemAlignAt
001097c8 0000000c T vramAlloc
001097d4 0000000c T vramAllocAt
001097e0 00000094 T vramFree
00109874 000000cc t gfxPresentFramebuffer
00109940 00000010 T gfxSet3D
00109950 0000001c T gfxIsWide
0010996c 000000f8 T gfxSetScreenFormat
00109a64 000000d8 T gfxInit
00109b3c 00000010 T gfxInitDefault
00109b4c 000000b8 T gfxExit
00109c04 000000a0 T gfxGetFramebuffer
00109ca4 00000028 T gfxScreenSwapBuffers
00109ccc 00000074 T osConvertVirtToPhys
00109d40 00000054 T osGetTimeRef
00109d94 000000ec T osGetTime
00109e80 00000034 T __ctru_speedup_config
00109eb4 00000008 t romfs_close
00109ebc 000000ac t romfs_seek
00109f68 00000024 t romfs_dirreset
00109f8c 000000c0 t fill_dir
0010a04c 000002ac t romfs_dirnext
0010a2f8 00000074 t romfs_free
0010a36c 000000d0 t searchForFile.constprop.0
0010a43c 000000d4 t searchForDir.constprop.0
0010a510 000001c0 t navigateToDir.constprop.0
0010a6d0 00000114 t romfs_open
0010a7e4 0000004c t romfs_chdir
0010a830 00000068 t romfs_diropen
0010a898 00000178 t romfs_stat
0010aa10 00000008 t romfs_dirclose
0010aa18 0000007c t romfs_fstat
0010aa94 000000d0 t romfs_read
0010ab64 00000294 T romfsMountFromFile
0010adf8 00000098 T romfsMountFromCurrentProcess
0010ae90 00000258 T romfsMountSelf
0010b0e8 000000a0 T romfsUnmount
0010b188 0000013c T GPUCMD_Add
0010b2c4 000000b0 T GPUCMD_Split
0010b374 00000034 T f32tof16
0010b3a8 00000034 T f32tof24
0010b3dc 00000038 T f32tof31
0010b414 00000010 T GX_BindQueue
0010b424 0000007c T GX_ProcessCommandList
0010b4a0 00000074 T GX_MemoryFill
0010b514 00000074 T GX_DisplayTransfer
0010b588 00000078 T GX_TextureCopy
0010b600 00000064 t gxCmdQueueDoCommands.part.0
0010b664 000000e4 T gxCmdQueueInterrupt
0010b748 00000068 T gxCmdQueueClear
0010b7b0 00000108 T gxCmdQueueAdd
0010b8b8 00000080 T gxCmdQueueRun
0010b938 00000064 T gxCmdQueueStop
0010b99c 000000ac T gxCmdQueueWait
0010ba48 000001e0 T shaderInstanceInit
0010bc28 00000018 T shaderInstanceGetUniformLocation
0010bc40 0000001c T shaderProgramInit
0010bc5c 00000074 T shaderProgramFree
0010bcd0 00000094 T shaderProgramSetVsh
0010bd64 000008d0 T shaderProgramConfigure
0010c634 000001dc t DVLE_GenerateOutmap.part.0
0010c810 000001ac T DVLB_ParseFile
0010c9bc 00000050 T DVLB_Free
0010ca0c 00000074 T DVLE_GetUniformRegister
0010ca80 00000158 t ndspUpdateMaster
0010cbd8 00000108 t ndspFinalize
0010cce0 0000025c t ndspInitialize.part.0
0010cf3c 00000108 t ndspHookCallback
0010d048 00000318 t ndspThreadMain
0010d360 000003f0 T ndspInit
0010d750 000000d8 T ndspExit
0010d828 00000034 T ndspSetOutputMode
0010d85c 000000e0 T ndspChnReset
0010d93c 00000018 T ndspChnSetFormat
0010d954 00000050 T ndspChnSetInterp
0010d9a4 00000060 T ndspChnSetRate
0010da04 00000080 T ndspChnSetMix
0010da84 000000b0 T ndspChnWaveBufClear
0010db34 000000c8 T ndspChnWaveBufAdd
0010dbfc 00000040 T ndspiInitChn
0010dc3c 0000002c T ndspiDirtyChn
0010dc68 0000043c T ndspiUpdateChn
0010e0a4 00000180 T ndspiReadChnState
0010e224 00000180 t aptConvertScreenForCapture
0010e3a4 00000138 T aptSendCommand
0010e4e0 00000044 t aptExitProcess
0010e524 00000394 T aptExit
0010e8b8 000000d8 T aptHandleSleep
0010e990 00000034 T aptHook
0010e9c4 00000030 T aptUnhook
0010e9f4 00000084 T APT_SleepIfShellClosed
0010ea78 00000078 T aptSetSleepAllowed
0010eaf0 00000084 T APT_UnlockTransition
0010eb78 00000470 t aptEventHandler
0010efe8 000000bc T APT_ReceiveParameter
0010f0a4 000000b0 t aptReceiveParameter.constprop.0
0010f158 00000294 t aptScreenTransfer
0010f3ec 000002d0 t aptWaitForWakeUp.isra.0
0010f6bc 000000f4 T aptJumpToHomeMenu
0010f7b0 00000058 T aptMainLoop
0010f808 00000240 T aptInit
0010fa48 00000090 T APT_CheckNew3DS
0010fad8 000000a8 T cfguInit
0010fb80 0000003c T cfguExit
0010fbbc 0000004c T CFGU_GetConfigInfoBlk2
0010fc08 000000a4 t DSP_LoadComponent.part.0
0010fcac 000000fc T dspInit
0010fda8 0000008c T dspExit
0010fe34 00000024 T dspHook
0010fe58 00000030 T dspUnhook
0010fe88 000000b4 T aptDspSleep
0010ff3c 000000b4 T aptDspWakeup
0010fff0 00000044 T aptDspCancel
00110034 00000050 T DSP_FlushDataCache
00110084 00000034 T DSP_SetSemaphore
001100b8 00000034 T DSP_SetSemaphoreMask
001100ec 00000038 T DSP_GetSemaphoreHandle
00110124 0000003c T DSP_LoadComponent
00110160 00000044 T DSP_RegisterInterruptEvents
001101a4 00000078 T DSP_ReadPipeIfPossible
0011021c 0000004c T DSP_WriteProcessPipe
00110268 00000044 T DSP_ConvertProcessAddressFromDspDram
001102ac 00000044 T DSP_RecvData
001102f0 00000050 T DSP_RecvDataIsReady
00110340 00000104 T fsInit
00110444 0000003c T fsExit
00110480 00000068 T fsExemptFromSession
001104e8 00000050 T fsUnexemptFromSession
00110538 000000cc T FSUSER_OpenFile
00110604 000000cc T FSUSER_OpenFileDirectly
001106d0 000000b8 T FSUSER_DeleteFile
00110788 000000f4 T FSUSER_RenameFile
0011087c 000000b8 T FSUSER_DeleteDirectory
00110934 000000d0 T FSUSER_CreateFile
00110a04 000000c0 T FSUSER_CreateDirectory
00110ac4 000000f4 T FSUSER_RenameDirectory
00110bb8 000000b4 T FSUSER_OpenDirectory
00110c6c 00000090 T FSUSER_OpenArchive
00110cfc 0000008c T FSUSER_CloseArchive
00110d88 00000074 T FSUSER_GetSdmcArchiveResource
00110dfc 00000064 T FSUSER_IsSdmcWritable
00110e60 00000064 T FSFILE_Read
00110ec4 0000006c T FSFILE_Write
00110f30 00000044 T FSFILE_GetSize
00110f74 00000028 T FSFILE_SetSize
00110f9c 0000003c T FSFILE_Close
00110fd8 00000024 T FSFILE_Flush
00110ffc 00000060 T FSDIR_Read
0011105c 0000003c T FSDIR_Close
00111098 00000c70 t gspHardwareInit
00111d08 00000288 T gspInit
00111f90 00000104 T gspExit
00112094 00000010 T gspHasGpuRight
001120a4 000000a4 T gspPresentBuffer
00112148 00000030 T gspSetEventCallback
00112178 00000050 T gspWaitForEvent
001121c8 0000004c T gspWaitForAnyEvent
00112214 00000154 t gspEventThreadMain
00112368 0000012c T gspSubmitGxCommand
00112494 00000050 T GSPGPU_FlushDataCache
001124e4 00000034 T GSPGPU_SetLcdForceBlack
00112518 00000084 T GSPGPU_AcquireRight
0011259c 00000064 T GSPGPU_ReleaseRight
00112600 0000007c T GSPGPU_ImportDisplayCaptureInfo
0011267c 0000002c T GSPGPU_SaveVramSysArea
001126a8 0000002c T GSPGPU_RestoreVramSysArea
001126d4 00000024 W hidShouldUseIrrst
001126f8 000001cc T hidInit
001128c4 000000e8 T hidExit
001129ac 000002a0 T hidScanInput
00112c4c 00000010 T hidKeysHeld
00112c5c 00000010 T hidKeysDown
00112c6c 00000018 T hidTouchRead
00112c84 00000018 T hidCircleRead
00112c9c 000001a4 T irrstInit
00112e40 000000dc T irrstExit
00112f1c 000000b4 T irrstScanInput
00112fd0 00000024 T irrstKeysHeld
00112ff4 00000078 T ptmSysmInit
0011306c 0000003c T ptmSysmExit
001130a8 00000034 T PTMSYSM_ConfigureNew3DSCPU
001130dc 000000e0 t buffer_read
001131bc 000000cc t iov_read
00113288 00000164 t iov_memmove
001133ec 000001e0 t decompress_rle
001135cc 00000264 t decompress_lzss
00113830 00000418 t decompress_lz11
00113c48 0000033c t decompress_huff.isra.0
00113f84 00000010 T decompressCallback_Stdio
00113f94 000000e4 T decompressHeader
00114078 0000021c T decompressV
00114294 00000074 T rbtree_find
00114308 00000010 T rbtree_init
00114318 00000198 t do_insert
001144b0 00000008 T rbtree_insert
001144b8 00000310 T rbtree_remove
001147c8 00000090 T rbtree_rotate
00114858 000000e8 T utf16_to_utf8
00114940 000000c0 T utf8_to_utf16
00114a00 000001e8 W __system_allocateHeaps
00114be8 00000038 W __libctru_init
00114c20 0000016c W __system_initArgv
00114d8c 00000030 T __syscall_getreent
00114dbc 00000064 T __syscall_gettod_r
00114e20 00000004 T __syscall_lock_acquire
00114e24 00000004 T __syscall_lock_release
00114e28 00000004 T __syscall_lock_acquire_recursive
00114e2c 00000004 T __syscall_lock_release_recursive
00114e30 00000004 T __syscall_exit
00114e34 00000054 T initThreadVars
00114e88 00000080 T __system_initSyscalls
00114f08 T svcControlMemory
00114f28 T svcQueryMemory
00114f58 T svcExitProcess
00114f60 T svcCreateThread
00114f80 T svcExitThread
00114f88 T svcSleepThread
00114f90 T svcReleaseMutex
00114f98 T svcCreateEvent
00114fac T svcSignalEvent
00114fb4 T svcClearEvent
00114fbc T svcMapMemoryBlock
00114fc4 T svcUnmapMemoryBlock
00114fcc T svcCreateAddressArbiter
00114fe0 T svcArbitrateAddressNoTimeout
00114fe8 T svcCloseHandle
00114ff0 T svcWaitSynchronization
00114ff8 T svcWaitSynchronizationN
00115020 T svcDuplicateHandle
00115034 T svcGetSystemTick
0011503c T svcConnectToPort
00115050 T svcSendSyncRequest
00115058 T svcGetResourceLimit
0011506c T svcGetResourceLimitLimitValues
00115074 T svcGetResourceLimitCurrentValues
0011507c T svcBreak
00115084 T __aeabi_read_tp
00115090 W initSystem
001150e0 W __ctru_exit
001150f4 0000008c W envGetHandle
00115180 00000050 W envDestroyHandles
001151d0 00000164 T srvInit
00115334 00000064 T srvExit
00115398 00000060 T srvEnableNotification
001153f8 000000a0 T srvGetServiceHandleDirect
00115498 00000048 T srvGetServiceHandle
001154e0 00000034 T srvSubscribe
00115514 00000060 T srvReceiveNotification
00115574 00000038 T srvPublishToSubscriber
001155ac 0000000c T __sync_init
001155b8 00000018 T __sync_fini
001155d0 00000028 T syncArbitrateAddress
001155f8 0000001c T LightLock_Init
00115614 000000ac T LightLock_Lock
001156c0 00000040 T LightLock_Unlock
00115700 00000054 T RecursiveLock_Lock
00115754 00000054 T RecursiveLock_Unlock
001157a8 00000044 T LightEvent_Init
001157ec 000000b8 T LightEvent_Clear
001158a4 000000dc T LightEvent_Signal
00115980 00000050 T LightEvent_TryWait
001159d0 000000ac T LightEvent_Wait
00115a7c 000001fc T threadCreate
00115c78 00000038 T threadFree
00115cb0 00000024 T threadJoin
00115cd4 00000030 T threadGetCurrent
00115d04 00000040 T threadExit
00115d44 00000020 t _thread_begin
00115d64 00000090 t mappableFindAddressWithin
00115df4 00000028 T mappableInit
00115e1c 0000007c T mappableAlloc
00115e98 00000004 T mappableFree
00115e9c 0000000c T srvPmGetSessionHandle
00115ea8 00000060 T rbtree_node_next
00115f08 00000054 T decode_utf16
00115f5c 00000140 T decode_utf8
0011609c 00000054 T encode_utf16
001160f0 000000e0 T encode_utf8
001161d0 00000030 W __appExit
00116200 00000030 W __appInit
00116230 00000090 W __libctru_exit
001162c0 00000024 t error_cmp
001162e4 00000050 t archive_translate_error
00116334 000000c0 t archive_seek
001163f4 00000078 t _archiveInit.part.0
0011646c 00000110 t archiveFindDevice.part.0
0011657c 00000298 t archive_utf16path
00116814 00000098 t _archiveUnmountDeviceStruct.part.0
001168ac 00000178 t _archiveMountDevice
00116a24 000000f8 t archive_diropen
00116b1c 000000ac t archive_fstat
00116bc8 00000074 t archive_fsync
00116c3c 00000074 t archive_close
00116cb0 00000078 t archive_dirclose
00116d28 000000ec t sdmc_statvfs
00116e14 000000f8 t archive_chdir
00116f0c 0000008c t archive_ftruncate
00116f98 000000bc t archive_read
00117054 000000a8 t archive_unlink
001170fc 000000c0 t archive_rmdir
001171bc 000000d8 t archive_mkdir
00117294 000001a0 t archive_stat
00117434 00000164 t archive_dirnext
00117598 0000013c t archive_write
001176d8 00000254 t archive_open
0011792c 00000270 t archive_rename
00117b9c 000001c8 T archiveMountSdmc
00117d64 00000054 T archiveUnmountAll
00117db8 00000264 T sinf
00118020 000003f4 T powf
00118414 00000024 t with_errnof
00118438 00000018 t xflowf
00118450 0000000c T __math_uflowf
0011845c 0000000c T __math_may_uflowf
00118468 0000000c T __math_oflowf
00118474 0000002c T __math_divzerof
001184a0 0000001c T __math_invalidf
001184c0 0000025c T cosf
0011871c 00000130 T __udivmoddi4
0011884c 000000e4 T strncat
00118930 00000034 T ftell
00118964 00000128 T memcpy
00118a8c 0000008c T strlen
00118b18 00000334 T _fread_r
00118e4c 00000038 T fread
00118e84 00000078 T bsearch
00118efc 00000134 T _fopen_r
00119030 00000028 T fopen
00119058 00000028 T memalign
00119080 000000a0 T snprintf
00119120 000001ec t _strtoul_l.isra.0
0011930c 0000003c T strtoul
00119348 00000140 T strchr
00119488 000000d8 T memcmp
00119560 00000198 T _fgets_r
001196f8 00000030 T fgets
00119728 00000028 T calloc
00119750 0000016c T _memalign_r
001198bc 0000000c T __errno
001198c8 00000164 T __smakebuf_r
00119a2c 00000090 T __swhatbuf_r
00119abc 000000e4 T memset
00119ba0 000000d8 T _calloc_r
00119c78 0000022c T __sflush_r
00119ea4 000000c4 T _fflush_r
00119f68 00000080 T strcspn
00119fe8 000001c4 T _ftello_r
0011a1ac 0000082c T _malloc_r
0011a9d8 00000114 T _malloc_trim_r
0011aaec 00000314 T _free_r
0011ae00 00000294 T setvbuf
0011b094 0000001c t stdio_exit_handler
0011b0b0 0000005c t cleanup_stdio
0011b10c 00000154 t global_stdio_init.part.0
0011b260 00000138 T __sfp
0011b398 0000005c T __sinit
0011b3f4 0000000c T __sfp_lock_acquire
0011b400 0000000c T __sfp_lock_release
0011b40c 00000084 T __libc_init_array
0011b490 000000d4 T strncpy
0011b564 0000001c T _fseek_r
0011b580 00000034 T fseek
0011b5b4 00000040 T malloc
0011b5f4 00000020 T free
0011b614 000000e8 T memchr
0011b6fc 00000044 T __sread
0011b740 00000068 T __swrite
0011b7a8 00000040 T __sseek
0011b7e8 00000008 T __sclose
0011b7f0 000001a8 T memmove
0011b998 0000000c T __malloc_lock
0011b9a4 0000000c T __malloc_unlock
0011b9b0 00000588 T _fseeko_r
0011bf38 00000148 T _fclose_r
0011c080 00000020 T fclose
0011c0a0 00000048 T time
0011c0e8 00000004 W __call_exitprocs
0011c0ec 00000030 T exit
0011c11c 000005e0 t get_arg
0011c700 0000345c T _svfprintf_r
0011fb5c 000000b8 T __sflags
0011fc14 0000003c T __libc_fini_array
0011fc50 0000003c T strnlen
0011fc8c 0000002c T rewind
0011fcb8 000000d8 T strncmp
0011fd90 00000038 t lflush
0011fdc8 000001a8 T __srefill_r
0011ff70 00000088 T frexp
0011fff8 00000070 T _fwalk_sglue
00120068 000000a0 T _wcrtomb_r
00120108 000000a4 T __ssprint_r
001201ac 00000024 T __locale_mb_cur_max
001201d0 000001c0 t quorem
00120390 00001420 T _dtoa_r
001217b0 00000028 T _wcsrtombs_r
001217d8 00000024 T _localeconv_r
001217fc 0000012c T __ssputs_r
00121928 000000f8 T __utf8_wctomb
00121a20 0000015c T _wcsnrtombs_l
00121b7c 00000064 T _wcsnrtombs_r
00121be0 0000005c T __assert_func
00121c3c 00000088 T _Balloc
00121cc4 0000001c T _Bfree
00121ce0 000000f4 T __multadd
00121dd4 00000080 T __hi0bits
00121e54 000000f0 T __lo0bits
00121f44 000000a4 T __i2b
00121fe8 00000230 T __multiply
00122218 00000130 T __pow5mult
00122348 00000138 T __lshift
00122480 00000058 T __mcmp
001224d8 00000218 T __mdiff
001226f0 00000120 T __d2b
00122810 00000340 T __utf8_mbtowc
00122b50 0000003c T fiprintf
00122b8c 00000014 T abort
00122ba0 000004f0 T _realloc_r
00123090 000005e0 t get_arg
00123670 000022f8 T _vfiprintf_r
00125968 000000b4 t __sbprintf
00125a1c 0000009c T _raise_r
00125ab8 00000020 T raise
00125ad8 00000030 T __sprint_r
00125b08 00000140 T __swsetup_r
00125c48 000004a4 T __sfvwrite_r
001260ec 00000020 T _exit
0012610c 00000140 T chdir
0012624c 000001c8 T _concatenate_path
00126414 0000009c T _fstat_r
001264b0 00000014 T _getpid_r
001264c4 0000002c T __getreent
001264f0 00000030 T _gettimeofday_r
00126520 000000a0 T __release_handle
001265c0 000000b0 T __alloc_handle
00126670 00000058 T __get_handle
001266c8 00000110 T _close_r
001267d8 00000008 t null_write
001267e0 00000018 T setDefaultDevice
001267f8 00000098 T FindDevice
00126890 00000024 T RemoveDevice
001268b4 00000088 T AddDevice
0012693c 00000020 T GetDeviceOpTab
0012695c 00000008 T _isatty_r
00126964 00000014 T _kill_r
00126978 00000094 T _lseek_r
00126a0c 000000c0 T _open_r
00126acc 00000094 T _read_r
00126b60 00000078 W _sbrk_r
00126bd8 0000001c T __libc_lock_acquire
00126bf4 0000001c T __libc_lock_release
00126c10 0000001c T __libc_lock_acquire_recursive
00126c2c 0000001c T __libc_lock_release_recursive
00126c48 00000094 T _write_r
00126cdc 00000048 T strrchr
00126d24 T _fini
00127010 00000014 r CSWTCH.20
00127034 000002f8 r ui_font6x8
0012733c 0000000c r buttonY
00127348 0000000c r buttonText
00127354 00000008 r s_defaultTint.0
001278bc r .LC2
00127a00 0000000c r CSWTCH.11
00127a10 00000004 r CSWTCH.13
00127a14 00000019 r CSWTCH.10
00127a34 R render2d_shbin
00127bc0 00000004 r depthFmtSizes
00127bc0 R render2d_shbin_end
00127bc4 00000005 r colorFmtSizes
00127bcc 00000010 r CSWTCH.11
00127bdc 00000038 r CSWTCH.19
00127c14 00000080 r romFS_devoptab
00127ca0 00000011 r dsp_filename.0
00127cd0 00000008 r morton_y.2
00127cd8 00000008 r morton_x.3
00127ce0 00000008 r s_sleepWakeEvents.4
00127ce8 0000000c r serviceNameTable.5
00127d18 00000030 r error_table
00127d48 00000080 r archive_devoptab
00127dc8 00000060 R __inv_pio4
00127e28 000000e0 R __sincosf_table
00127f08 00000128 R __powf_log2_data
00128030 00000148 R __exp2f_data
001282a0 00000010 r zeroes.0
001282b0 00000010 r blanks.1
001282c0 00000101 R _ctype_
001283c4 0000006c R __action_table
00128430 0000006c R __state_table
0012849c 00000100 R __chclass
001285a4 0000000c r p05.0
001285b0 00000028 R __mprec_bigtens
001285d8 000000c8 R __mprec_tens
0012878c 00000010 r zeroes.0
0012879c 00000010 r blanks.1
001287ac 00000080 R dotab_stdnull
0012882c R __tdata_align
00128830 r __EH_FRAME_BEGIN__
00128830 R __exidx_end
00128830 R __exidx_start
00129000 00000001 d musicOn
00129004 00000004 D __stacksize__
00129008 00000008 d framerateCounter
00129010 00000004 d framerate
00129014 00000004 d queueLock
00129018 00000004 d aptChainloadDeliverArgSize
0012901c 00000004 d kCount
00129020 00000004 d kInterval
00129024 00000004 d kDelay
00129028 00000004 D _impure_ptr
00129030 00000200 D _impure_data
00129230 00000004 D __malloc_sbrk_base
00129234 00000004 D __malloc_trim_threshold
00129238 00000408 D __malloc_av_
00129640 0000000c D __sglue
0012964c 00000254 D __global_locale
001298a0 00000400 d _current_working_directory
00129ca0 00001000 d handles
0012aca0 0000000c d __stderr_handle
0012acac 0000000c d __stdout_handle
0012acb8 0000000c d __stdin_handle
0012acc4 0000008c D devoptab_list
0012ad50 00000004 d defaultDevice
0012ad5c d _GLOBAL_OFFSET_TABLE_
0012ad68 d __frame_dummy_init_array_entry
0012ad68 D __init_array_start
0012ad68 B __preinit_array_end
0012ad68 B __preinit_array_start
0012ad68 D __tdata_lma
0012ad68 D __tdata_lma_end
0012ad6c d __do_global_dtors_aux_fini_array_entry
0012ad6c D __fini_array_start
0012ad6c D __init_array_end
0012ad70 D __bss_start__
0012ad70 D __fini_array_end
0012ad70 00000004 b sheet
0012ad74 00000001 b ndspReady
0012ad78 00000024 b music
0012ad9c 00000024 b moveSfx
0012adc0 00000024 b winSfx
0012ade4 00000004 b topLeft
0012ade8 00000004 b topRight
0012adec 00000004 b bottom
0012adf0 00031324 b game
0015c114 00000004 b cameraX
0015c118 00000004 b cameraY
0015c11c 00000001 b cameraValid
0015c120 000005a8 B __C2Di_Context
0015c6c8 00000040 b s_projTop
0015c708 00000040 b s_projBot
0015c748 00000004 b uLoc_mdlvMtx
0015c74c 00000004 b uLoc_projMtx
0015c750 b completed.1
0015c754 b object.0
0015c76c 0000000c b hookCookie
0015c778 000002d0 B __C3D_Context
0015ca48 00000004 b frameEndCbData
0015ca4c 00000004 b frameEndCb
0015ca50 00000008 b frameCounter
0015ca58 00000001 b isTopStereo
0015ca59 00000001 b needSwapBot
0015ca5a 00000001 b needSwapTop
0015ca5b 00000001 b measureGpuTime
0015ca5c 00000001 b inSafeTransfer
0015ca5d 00000001 b inFrame
0015ca60 00000010 b cpuTime
0015ca70 00000010 b gpuTime
0015ca80 0000000c b linkedTarget
0015ca8c 00000004 b lastTarget
0015ca90 00000004 b firstTarget
0015ca94 00000008 b C3Di_IVUnifEverDirty
0015ca9c 000000c0 b C3Di_FVUnifEverDirty
0015cb5c 00000018 b C3Di_ShaderFVecData
0015cb74 00000002 B C3D_BoolUnifsDirty
0015cb78 00000008 B C3D_IVUnifDirty
0015cb80 000000c0 B C3D_FVUnifDirty
0015cc40 00000004 B C3D_BoolUnifs
0015cc44 00000020 B C3D_IVUnif
0015cc64 00000c00 B C3D_FVUnif
0015d868 00000008 b sLinearPool
0015d870 0000000c b sAddrMap
0015d880 00000008 b sVramPoolB
0015d888 00000008 b sVramPoolA
0015d890 0000000c b sAddrMap
0015d89c 00000004 b screenAlloc
0015d8a0 00000004 b screenFree
0015d8a4 00000002 b gfxIsDoubleBuf
0015d8a8 00000002 b gfxCurBuf
0015d8aa 00000001 b gfxIsVram
0015d8ab 00000001 b gfxTopMode
0015d8ac 00000002 b gfxFramebufferFormats
0015d8b0 00000004 b gfxBottomFramebufferMaxSize
0015d8b4 00000004 b gfxTopFramebufferMaxSize
0015d8b8 00000008 b gfxBottomFramebuffers
0015d8c0 00000008 b gfxTopFramebuffers
0015d8c8 00000001 V __ctru_speedup
0015d8cc 00000004 b romfs_mount_list
0015d8d0 00000004 V __romfs_path
0015d8d4 00000004 B gpuCmdBufOffset
0015d8d8 00000004 B gpuCmdBufSize
0015d8dc 00000004 B gpuCmdBuf
0015d8e0 00000004 b boundQueue
0015d8e4 00000001 b shouldStop
0015d8e5 00000001 b isRunning
0015d8e6 00000001 b isActive
0015d8e8 00000004 b curQueue
0015d8ec 00000004 b ndspRefCount
0015d8f0 00000048 b ndspMaster
0015d938 00000004 b ndspThread
0015d93c 00000001 b ndspThreadRun
0015d940 00001080 b dspVar5Backup
0015e9c0 00000004 b ndspMutex
0015e9c4 00000008 b sleepEvent
0015e9cc 00000004 b dspSem
0015e9d0 00000004 b irqEvent
0015e9d4 00000008 b ndspHookCookie
0015e9dc 00000001 b componentFree
0015e9de 00000002 b componentDataMask
0015e9e0 00000002 b componentProgMask
0015e9e4 00000004 b componentSize
0015e9e8 00000004 b componentBin
0015e9ec 00000004 b frameCount
0015e9f0 00000004 b droppedFrames
0015e9f4 00000001 b bCancelReceived
0015e9f5 00000001 b bSleeping
0015e9f6 00000001 b bEnteringSleep
0015e9f7 00000001 b bDspReady
0015e9f8 00000080 B ndspVars
0015ea78 00000002 B ndspBufferId
0015ea7a 00000002 B ndspBufferCurId
0015ea7c 00000002 B ndspFrameId
0015ea80 00000c60 b ndspChn
0015f6e0 00000001 b flagValue.0
0015f6e1 00000001 b flagInit.1
0015f6e4 00000004 b serviceName.6
0015f6e8 00000001 b aptChainloadFlags
0015f6e9 00000001 b aptChainloadMediatype
0015f6ec 00000020 b aptChainloadHmac
0015f70c 00000300 b aptChainloadDeliverArg
0015fa10 00000008 b aptChainloadTid
0015fa18 00001000 b aptParameters
00160a18 00000004 b aptFlags
00160a1c 00000001 b aptHomeButtonState
00160a20 00000004 b aptMessageFuncData
00160a24 00000004 b aptMessageFunc
00160a28 0000000c b aptFirstHook
00160a34 00000001 b aptEventHandlerThreadQuit
00160a38 00000004 b aptEventHandlerThread
00160a3c 00000008 b aptSleepEvent
00160a44 00000008 b aptReceiveEvent
00160a4c 00000008 b aptEvents
00160a54 00000004 b aptLockHandle
00160a58 00000004 b aptRefCount
00160a5c 00000004 b cfguRefCount
00160a60 00000004 b cfguHandle
00160a64 00000002 b dspSavedCompDataMask
00160a66 00000002 b dspSavedCompProgMask
00160a68 00000004 b dspSavedCompSize
00160a6c 00000004 b dspSavedCompBin
00160a70 00000001 b dspSleeping
00160a71 00000001 b dspComponentLoaded
00160a74 00000008 b dspFirstHook
00160a7c 00000004 b dspRefCount
00160a80 00000004 b dspHandle
00160a88 00000080 b fsExemptArchives
00160b08 00000004 b fsuRefCount
00160b0c 00000004 b fsuHandle
00160b10 00000007 b gspEventCbOneShot
00160b18 0000001c b gspEventCbData
00160b34 0000001c b gspEventCb
00160b50 00000038 b gspEvents
00160b88 00000004 b gspLastEvent
00160b8c 00000001 b gspRunEvents
00160b90 00000004 b gspEventThread
00160b94 00000004 b gspEvent
00160b98 00000001 b gspGpuRight
00160b99 00000001 b gspThreadId
00160b9c 00000004 b gspSharedMem
00160ba0 00000004 b gspSharedMemHandle
00160ba4 00000004 b gspRefCount
00160ba8 00000004 b gspGpuHandle
00160bac 00000001 b usingIrrst
00160bb0 00000004 b hidRefCount
00160bb4 00000006 b gRate
00160bbc 00000006 b aVec
00160bc4 00000004 b cPos
00160bc8 00000004 b tPos
00160bcc 00000004 b kRepeat
00160bd0 00000004 b kUp
00160bd4 00000004 b kDown
00160bd8 00000004 b kHeld
00160bdc 00000004 b kOld
00160be0 00000004 B hidSharedMem
00160be4 00000014 B hidEvents
00160bf8 00000004 B hidMemHandle
00160bfc 00000004 B hidHandle
00160c00 00000004 b irrstRefCount
00160c04 00000004 b csPos
00160c08 00000004 b kHeld
00160c0c 00000004 B irrstSharedMem
00160c10 00000004 B irrstEvent
00160c14 00000004 B irrstMemHandle
00160c18 00000004 B irrstHandle
00160c1c 00000004 b ptmSysmRefCount
00160c20 00000004 b ptmSysmHandle
00160c24 00000004 V __ctru_linear_heap_size
00160c28 00000004 V __ctru_heap_size
00160c2c 00000004 B __ctru_linear_heap
00160c30 00000004 B __ctru_heap
00160c34 00000004 B __system_retAddr
00160c38 00000004 B __system_argv
00160c3c 00000004 B __system_argc
00160c40 b saved_stack
00160c48 00000004 B __3dslink_host
00160c4c 00000004 b srvRefCount
00160c50 00000004 b srvHandle
00160c54 00000004 b arbiter
00160c58 00000004 b currentAddr
00160c5c 00000004 b maxAddr
00160c60 00000004 b minAddr
00160c64 00000004 b srvPmHandle
00160c68 000005c0 b archive_devices
00161228 00000004 b archive_device_cwd
0016122c 00000001 b archive_initialized
00161230 00000028 B __malloc_current_mallinfo
00161258 00000004 B __malloc_max_total_mem
0016125c 00000004 B __malloc_max_sbrked_mem
00161260 00000004 B __malloc_top_pad
00161264 0000000c b __sfp_recursive_mutex
00161270 00000168 B __sf
001613d8 00000004 B __stdio_exit_handler
001613dc 0000000c b __malloc_recursive_mutex
001613e8 00000400 b temp_cwd
001617e8 00000004 b __hndl_lock
001617ec 00000004 B fake_heap_start
001617f0 00000004 B fake_heap_end
001617f4 00000004 b heap_start.0
001617f8 B __tls_start
00162400 B __bss_end__
00162400 A __end__
00162400 B __tls_end
